\BOOKMARK [1][-]{section.1}{\376\377\000E\000x\000e\000c\000u\000t\000i\000v\000e\000\040\000S\000u\000m\000m\000a\000r\000y}{}% 1
\BOOKMARK [1][-]{section.2}{\376\377\000T\000i\000m\000e\000l\000i\000n\000e}{}% 2
\BOOKMARK [1][-]{section.3}{\376\377\000F\000i\000n\000d\000i\000n\000g\000s}{}% 3
\BOOKMARK [1][-]{section.4}{\376\377\000I\000n\000v\000e\000s\000t\000i\000g\000a\000t\000i\000v\000e\000\040\000Q\000u\000e\000s\000t\000i\000o\000n\000s}{}% 4
\BOOKMARK [1][-]{section.5}{\376\377\000S\000y\000s\000t\000e\000m\000s\000\040\000/\000\040\000P\000e\000o\000p\000l\000e\000\040\000I\000n\000v\000o\000l\000v\000e\000d}{}% 5
\BOOKMARK [1][-]{section.6}{\376\377\000I\000n\000d\000i\000c\000a\000t\000o\000r\000s\000\040\000o\000f\000\040\000C\000o\000m\000p\000r\000o\000m\000i\000s\000e}{}% 6
\BOOKMARK [1][-]{section.7}{\376\377\000E\000v\000i\000d\000e\000n\000c\000e\000\040\000C\000o\000l\000l\000e\000c\000t\000e\000d}{}% 7
\BOOKMARK [2][-]{subsection.7.1}{\376\377\000M\000e\000m\000o\000r\000y\000\040\000I\000m\000a\000g\000e}{section.7}% 8
\BOOKMARK [2][-]{subsection.7.2}{\376\377\000F\000o\000r\000e\000n\000s\000i\000c\000\040\000D\000i\000s\000k\000\040\000I\000m\000a\000g\000e}{section.7}% 9
\BOOKMARK [2][-]{subsection.7.3}{\376\377\000P\000a\000y\000l\000o\000a\000d\000\040\000/\000\040\000D\000o\000w\000n\000l\000o\000a\000d\000e\000r\000\040\000A\000n\000a\000l\000y\000s\000i\000s\000\040\000\050\0003\0005\0006\0008\0002\0002\0006\0003\0005\0000\000.\000e\000x\000e\000,\000\040\0005\0004\0009\0004\0008\000t\000p\000.\000e\000x\000e\000\051}{section.7}% 10
\BOOKMARK [2][-]{subsection.7.4}{\376\377\000P\000r\000e\000f\000e\000t\000c\000h}{section.7}% 11
\BOOKMARK [2][-]{subsection.7.5}{\376\377\000W\000i\000n\000d\000o\000w\000s\000\040\000E\000v\000e\000n\000t\000\040\000L\000o\000g\000s}{section.7}% 12
\BOOKMARK [2][-]{subsection.7.6}{\376\377\000R\000e\000g\000i\000s\000t\000r\000y\000\040\000\050\000R\000e\000g\000R\000i\000p\000p\000e\000r\000\040\000/\000\040\000W\000R\000R\000\051}{section.7}% 13
\BOOKMARK [1][-]{section.8}{\376\377\000R\000e\000m\000e\000d\000i\000a\000t\000i\000o\000n}{}% 14
\BOOKMARK [1][-]{section.9}{\376\377\000R\000e\000c\000o\000m\000m\000e\000n\000d\000a\000t\000i\000o\000n\000s}{}% 15
\BOOKMARK [2][-]{subsection.9.1}{\376\377\000S\000h\000o\000r\000t\000-\000T\000e\000r\000m\000\040\000R\000e\000c\000o\000m\000m\000e\000n\000d\000a\000t\000i\000o\000n\000s}{section.9}% 16
\BOOKMARK [2][-]{subsection.9.2}{\376\377\000L\000o\000n\000g\000-\000T\000e\000r\000m\000\040\000R\000e\000c\000o\000m\000m\000e\000n\000d\000a\000t\000i\000o\000n\000s}{section.9}% 17
\BOOKMARK [1][-]{section.10}{\376\377\000L\000e\000s\000s\000o\000n\000s\000\040\000L\000e\000a\000r\000n\000e\000d}{}% 18
\BOOKMARK [1][-]{section.11}{\376\377\000A\000p\000p\000e\000n\000d\000i\000c\000e\000s}{}% 19
\BOOKMARK [1][-]{section.12}{\376\377\000R\000e\000f\000e\000r\000e\000n\000c\000e\000s}{}% 20
